model: bone nodes 647382, cage nodes 164606, pairs 20978, free dofs 2378838, PLCL vol 498.2 mm3
build 0.8302774429321289
   outer 0: pcg 948 it res 9.2e-07, status changed 9857 (slip 9844, open 13), |dx|/|Dx| 1.00e+00
   outer 1: pcg 65 it res 9.4e-07, status changed 338 (slip 10016, open 69), |dx|/|Dx| 1.94e-03
   outer 2: pcg 64 it res 9.8e-07, status changed 336 (slip 10080, open 126), |dx|/|Dx| 1.96e-03
   outer 3: pcg 64 it res 9.3e-07, status changed 409 (slip 10119, open 188), |dx|/|Dx| 1.91e-03
   outer 4: pcg 64 it res 8.1e-07, status changed 446 (slip 10179, open 205), |dx|/|Dx| 1.77e-03
   outer 5: pcg 25 it res 9.9e-07, status changed 444 (slip 10227, open 209), |dx|/|Dx| 9.95e-04
   outer 6: pcg 64 it res 9.6e-07, status changed 498 (slip 10221, open 266), |dx|/|Dx| 2.25e-03
   outer 7: pcg 25 it res 1.0e-06, status changed 489 (slip 10296, open 236), |dx|/|Dx| 9.56e-04
   outer 8: pcg 115 it res 9.9e-07, status changed 481 (slip 10267, open 310), |dx|/|Dx| 3.44e-03
   outer 9: pcg 57 it res 7.6e-07, status changed 483 (slip 10338, open 274), |dx|/|Dx| 1.20e-03
   outer 10: pcg 57 it res 9.4e-07, status changed 483 (slip 10275, open 364), |dx|/|Dx| 1.28e-03
   outer 11: pcg 64 it res 6.6e-07, status changed 466 (slip 10327, open 337), |dx|/|Dx| 1.56e-03
   outer 12: pcg 22 it res 9.6e-07, status changed 463 (slip 10306, open 396), |dx|/|Dx| 7.57e-04
   outer 13: pcg 64 it res 8.2e-07, status changed 449 (slip 10357, open 373), |dx|/|Dx| 1.91e-03
   outer 14: pcg 22 it res 9.9e-07, status changed 440 (slip 10323, open 430), |dx|/|Dx| 7.34e-04
   outer 15: pcg 64 it res 8.8e-07, status changed 461 (slip 10346, open 438), |dx|/|Dx| 2.08e-03
   outer 16: pcg 23 it res 9.5e-07, status changed 422 (slip 10340, open 459), |dx|/|Dx| 7.17e-04
   outer 17: pcg 64 it res 8.4e-07, status changed 421 (slip 10343, open 488), |dx|/|Dx| 2.05e-03
   outer 18: pcg 23 it res 9.4e-07, status changed 398 (slip 10375, open 477), |dx|/|Dx| 6.92e-04
   outer 19: pcg 64 it res 8.5e-07, status changed 397 (slip 10350, open 537), |dx|/|Dx| 1.99e-03
   outer 20: pcg 22 it res 9.9e-07, status changed 395 (slip 10369, open 535), |dx|/|Dx| 6.57e-04
   outer 21: pcg 58 it res 9.9e-07, status changed 362 (slip 10375, open 565), |dx|/|Dx| 1.72e-03
   outer 22: pcg 65 it res 9.9e-07, status changed 333 (slip 10424, open 536), |dx|/|Dx| 2.14e-03
   outer 23: pcg 21 it res 9.6e-07, status changed 322 (slip 10394, open 585), |dx|/|Dx| 5.75e-04
   outer 24: pcg 57 it res 6.8e-07, status changed 374 (slip 10422, open 605), |dx|/|Dx| 1.28e-03
0.01 {'outer': 25, 'pcg_it': 2181, 't': 20.679030895233154} reaction [-0.0000e+00  1.0000e-02 -1.1508e+02  1.0000e-02 -1.0000e-02 -1.0000e-02] q [-1.1e-04 -7.6e-04 -1.0e-02 -2.7e-04  5.0e-05 -0.0e+00]
max vm 2.724316212853436 slip (0.00010023044369480656, 0.00015889389991722877)
   outer 0: pcg 546 it res 8.4e-07, status changed 1782 (slip 9547, open 109), |dx|/|Dx| 1.00e+00
   outer 1: pcg 105 it res 8.1e-07, status changed 599 (slip 9768, open 297), |dx|/|Dx| 3.94e-03
   outer 2: pcg 48 it res 9.3e-07, status changed 414 (slip 9960, open 244), |dx|/|Dx| 2.12e-03
   outer 3: pcg 23 it res 9.9e-07, status changed 467 (slip 9957, open 369), |dx|/|Dx| 1.57e-03
   outer 4: pcg 59 it res 9.5e-07, status changed 493 (slip 10112, open 341), |dx|/|Dx| 3.82e-03
   outer 5: pcg 22 it res 9.5e-07, status changed 467 (slip 10123, open 413), |dx|/|Dx| 1.50e-03
   outer 6: pcg 60 it res 9.5e-07, status changed 466 (slip 10245, open 394), |dx|/|Dx| 4.10e-03
   outer 7: pcg 24 it res 9.7e-07, status changed 412 (slip 10261, open 440), |dx|/|Dx| 1.42e-03
   outer 8: pcg 63 it res 9.3e-07, status changed 429 (slip 10274, open 481), |dx|/|Dx| 4.06e-03
   outer 9: pcg 27 it res 9.7e-07, status changed 404 (slip 10326, open 484), |dx|/|Dx| 1.42e-03
   outer 10: pcg 59 it res 8.7e-07, status changed 402 (slip 10350, open 524), |dx|/|Dx| 3.42e-03
   outer 11: pcg 20 it res 9.8e-07, status changed 430 (slip 10378, open 545), |dx|/|Dx| 1.25e-03
   outer 12: pcg 64 it res 9.5e-07, status changed 409 (slip 10419, open 557), |dx|/|Dx| 3.84e-03
   outer 13: pcg 24 it res 9.5e-07, status changed 336 (slip 10467, open 546), |dx|/|Dx| 1.27e-03
   outer 14: pcg 58 it res 8.0e-07, status changed 358 (slip 10425, open 609), |dx|/|Dx| 3.22e-03
   outer 15: pcg 17 it res 9.6e-07, status changed 328 (slip 10469, open 576), |dx|/|Dx| 1.11e-03
   outer 16: pcg 113 it res 8.3e-07, status changed 327 (slip 10436, open 628), |dx|/|Dx| 5.48e-03
   outer 17: pcg 17 it res 9.9e-07, status changed 309 (slip 10473, open 608), |dx|/|Dx| 1.07e-03
   outer 18: pcg 55 it res 8.1e-07, status changed 327 (slip 10444, open 657), |dx|/|Dx| 2.61e-03
   outer 19: pcg 57 it res 5.5e-07, status changed 326 (slip 10476, open 652), |dx|/|Dx| 2.30e-03
   outer 20: pcg 57 it res 6.3e-07, status changed 307 (slip 10463, open 679), |dx|/|Dx| 2.18e-03
   outer 21: pcg 57 it res 6.1e-07, status changed 285 (slip 10496, open 663), |dx|/|Dx| 2.10e-03
   outer 22: pcg 57 it res 6.0e-07, status changed 276 (slip 10478, open 703), |dx|/|Dx| 2.04e-03
   outer 23: pcg 57 it res 5.9e-07, status changed 280 (slip 10512, open 691), |dx|/|Dx| 2.05e-03
   outer 24: pcg 57 it res 6.2e-07, status changed 286 (slip 10484, open 731), |dx|/|Dx| 2.03e-03
0.02 {'outer': 25, 'pcg_it': 1746, 't': 16.28083872795105} reaction [-1.0000e-02  1.0000e-02 -2.2504e+02  3.0000e-02  1.0000e-02 -0.0000e+00] q [-3.20e-04 -1.96e-03 -2.00e-02 -5.40e-04  1.10e-04 -1.00e-05]
max vm 5.362246352666138 slip (0.00025011777990956624, 0.0004431080465079124)
1.885276672 GB
